<6>[    0.000000] Initializing cgroup subsys cpu
<5>[    0.000000] Linux version 3.0.8-g6656123 (android-build@vpbs1.mtv.corp.google.com) (gcc version 4.4.3 (GCC) ) #1 PREEMPT Thu Feb 2 16:56:02 PST 2012
<4>[    0.000000] CPU: ARMv7 Processor [412fc082] revision 2 (ARMv7), cr=10c53c7f
<4>[    0.000000] CPU: VIPT nonaliasing data cache, VIPT aliasing instruction cache
<4>[    0.000000] Machine: herring
<6>[    0.000000] Partition (from atag)      bootloader -- Offset:0x00000000 Size:0x00200000
<6>[    0.000000] Partition (from atag)            misc -- Offset:0x004c0000 Size:0x00140000
<6>[    0.000000] Partition (from atag)            boot -- Offset:0x00600000 Size:0x00800000
<6>[    0.000000] Partition (from atag)        recovery -- Offset:0x00e00000 Size:0x00800000
<6>[    0.000000] Partition (from atag)           cache -- Offset:0x01600000 Size:0x1d580000
<6>[    0.000000] Partition (from atag)           radio -- Offset:0x1eb80000 Size:0x00d80000
<6>[    0.000000] Partition (from atag)             efs -- Offset:0x1f900000 Size:0x006c0000
<4>[    0.000000] Memory policy: ECC disabled, Data cache writeback
<4>[    0.000000] CPU S5PV210/S5PC110 (id 0x43110222)
<7>[    0.000000] s5pv210_init_clocks: initializing clocks
<6>[    0.000000] S3C24XX Clocks, Copyright 2004 Simtec Electronics
<4>[    0.000000] s3c24xx_register_clock: new clock sclk_csis, id -1, dev   (null) uses same enable bit as mout_csis, id -1, dev   (null)
<4>[    0.000000] s3c24xx_register_clock: new clock lcd, id -1, dev   (null) uses same enable bit as sclk_fimd, id -1, dev   (null)
<4>[    0.000000] s3c24xx_register_clock: new clock mfc, id -1, dev   (null) uses same enable bit as sclk_mfc, id -1, dev   (null)
<4>[    0.000000] s3c24xx_register_clock: new clock iis, id 0, dev   (null) uses same enable bit as i2s_v50, id 0, dev   (null)
<7>[    0.000000] s5pv210_setup_clocks: registering clocks
<7>[    0.000000] s5pv210_setup_clocks: clkdiv0 = 14131330, clkdiv1 = 00300400
<7>[    0.000000] s5pv210_setup_clocks: xtal is 24000000
<6>[    0.000000] S5PV210: PLL settings, A=800000000, M=667000000, E=96000000 V=54000000
<6>[    0.000000] S5PV210: ARMCLK=800000000, HCLKM=200000000, HCLKD=166750000
<6>[    0.000000] HCLKP=133400000, PCLKM=100000000, PCLKD=83375000, PCLKP=66700000
<6>[    0.000000] sclk_dmc: source is mout_mpll (1), rate is 166750000
<6>[    0.000000] sclk_onenand: source is hclk_dsys (1), rate is 166750000
<6>[    0.000000] sclk: source is mout_mpll (6), rate is 133400000
<6>[    0.000000] sclk: source is mout_mpll (6), rate is 66700000
<6>[    0.000000] sclk: source is mout_mpll (6), rate is 66700000
<6>[    0.000000] sclk: source is mout_mpll (6), rate is 66700000
<6>[    0.000000] sclk_mixer: source is sclk_dac (0), rate is 54000000
<6>[    0.000000] sclk_fimc: source is ext_xtal (0), rate is 24000000
<6>[    0.000000] sclk_fimc: source is ext_xtal (0), rate is 24000000
<6>[    0.000000] sclk_fimc: source is ext_xtal (0), rate is 24000000
<6>[    0.000000] sclk_cam: source is xusbxti (1), rate is 24000000
<6>[    0.000000] sclk_cam: source is ext_xtal (0), rate is 24000000
<6>[    0.000000] sclk_fimd: source is mout_mpll (6), rate is 166750000
<6>[    0.000000] sclk_mmc: source is mout_mpll (6), rate is 51307692
<6>[    0.000000] sclk_mmc: source is mout_mpll (6), rate is 47642857
<6>[    0.000000] sclk_mmc: source is mout_mpll (6), rate is 47642857
<6>[    0.000000] sclk_mmc: source is mout_mpll (6), rate is 47642857
<6>[    0.000000] sclk_mfc: source is sclk_a2m (0), rate is 200000000
<6>[    0.000000] sclk_fimg2d: source is sclk_a2m (0), rate is 200000000
<6>[    0.000000] sclk: source is mout_mpll (1), rate is 66700000
<6>[    0.000000] sclk_csis: source is ext_xtal (0), rate is 24000000
<6>[    0.000000] sclk_spi: source is mout_epll (7), rate is 96000000
<6>[    0.000000] sclk_spi: source is mout_epll (7), rate is 96000000
<6>[    0.000000] sclk_pwi: source is ext_xtal (0), rate is 24000000
<6>[    0.000000] sclk_pwm: source is ext_xtal (0), rate is 24000000
<6>[    0.000000] sclk_mdnie: source is mout_mpll (6), rate is 166750000
<6>[    0.000000] sclk_mdnie_pwm: source is ext_xtal (0), rate is 24000000
<6>[    0.000000] s5p: 37748736 bytes system memory reserved for mfc at 0x32c00000, 0-bank base(0x32c00000)
<6>[    0.000000] s5p: 37748736 bytes system memory reserved for mfc at 0x4dc00000, 1-bank base(0x4dc00000)
<6>[    0.000000] s5p: 6291456 bytes system memory reserved for fimc0 at 0x4d600000, 1-bank base(0x4d600000)
<6>[    0.000000] s5p: 10137600 bytes system memory reserved for fimc1 at 0x4cc55000, 1-bank base(0x4cc55000)
<6>[    0.000000] s5p: 6291456 bytes system memory reserved for fimc2 at 0x4c655000, 1-bank base(0x4c655000)
<6>[    0.000000] s5p: 8388608 bytes system memory reserved for jpeg at 0x32400000, 0-bank base(0x32400000)
<6>[    0.000000] s5p: 15360000 bytes system memory reserved for fimd at 0x4b7af000, 1-bank base(0x4b7af000)
<7>[    0.000000] On node 0 totalpages: 88751
<7>[    0.000000]   Normal zone: 1278 pages used for memmap
<7>[    0.000000]   Normal zone: 0 pages reserved
<7>[    0.000000]   Normal zone: 87473 pages, LIFO batch:15
<7>[    0.000000] pcpu-alloc: s0 r0 d32768 u32768 alloc=1*32768
<7>[    0.000000] pcpu-alloc: [0] 0 
<4>[    0.000000] Built 1 zonelists in Zone order, mobility grouping on.  Total pages: 87473
<5>[    0.000000] Kernel command line: console=ttyFIQ0 no_console_suspend androidboot.serialno=363581CC0B5F00EC androidboot.bootloader=D720SPRKE1 androidboot.baseband=D720SPRLC1 androidboot.info=0x4,0x3,1 androidboot.carrier=SPR gain_code=0 s3cfb.bootloaderfb=0x34a00000 mach-herring.lcd_type=0x00000000 oem_state=locked
<6>[    0.000000] PID hash table entries: 2048 (order: 1, 8192 bytes)
<6>[    0.000000] Dentry cache hash table entries: 65536 (order: 6, 262144 bytes)
<6>[    0.000000] Inode-cache hash table entries: 32768 (order: 5, 131072 bytes)
<6>[    0.000000] Memory: 36MB 183MB 127MB = 346MB total
<5>[    0.000000] Memory: 342568k/461676k available, 12436k reserved, 0K highmem
<5>[    0.000000] Virtual kernel memory layout:
<5>[    0.000000]     vector  : 0xffff0000 - 0xffff1000   (   4 kB)
<5>[    0.000000]     fixmap  : 0xfff00000 - 0xfffe0000   ( 896 kB)
<5>[    0.000000]     DMA     : 0xff000000 - 0xffe00000   (  14 MB)
<5>[    0.000000]     vmalloc : 0xe8000000 - 0xfc000000   ( 320 MB)
<5>[    0.000000]     lowmem  : 0xc0000000 - 0xe7f00000   ( 639 MB)
<5>[    0.000000]     modules : 0xbf000000 - 0xc0000000   (  16 MB)
<5>[    0.000000]       .init : 0xc0008000 - 0xc0032000   ( 168 kB)
<5>[    0.000000]       .text : 0xc0032000 - 0xc065b000   (6308 kB)
<5>[    0.000000]       .data : 0xc065c000 - 0xc06a2d80   ( 284 kB)
<5>[    0.000000]        .bss : 0xc06a2da4 - 0xc07e1550   (1274 kB)
<6>[    0.000000] SLUB: Genslabs=11, HWalign=64, Order=0-3, MinObjects=0, CPUs=1, Nodes=1
<6>[    0.000000] Preemptible hierarchical RCU implementation.
<6>[    0.000000] NR_IRQS:339
<6>[    0.000000] VIC @fc000000: id 0x00041192, vendor 0x41
<6>[    0.000000] VIC @fc010000: id 0x00041192, vendor 0x41
<6>[    0.000000] VIC @fc020000: id 0x00041192, vendor 0x41
<6>[    0.000000] VIC @fc030000: id 0x00041192, vendor 0x41
<6>[    0.000000] mult[140737]
<6>[    0.000000] max_delta_ns[2937815369]
<6>[    0.000000] min_delta_ns[30517]
<6>[    0.000000] rate[32768]
<6>[    0.000000] HZ[256]
<6>[    0.000081] Calibrating delay loop... 795.12 BogoMIPS (lpj=1554432)
<6>[    0.027256] pid_max: default: 32768 minimum: 301
<6>[    0.027424] Mount-cache hash table entries: 512
<6>[    0.027730] Initializing cgroup subsys debug
<6>[    0.027743] Initializing cgroup subsys cpuacct
<6>[    0.027762] Initializing cgroup subsys freezer
<6>[    0.027791] CPU: Testing write buffer coherency: ok
<6>[    0.029927] print_constraints: dummy: 
<6>[    0.030061] NET: Registered protocol family 16
<4>[    0.032824] clk_get: could not find clock (null) for dev s5pv210_device_fiqdbg_uart2+0x8/0xd8 (fiq_debugger.2)
<6>[    0.036306] console [ttyFIQ0] enabled
<6>[    0.036384] Registered FIQ tty driver e7856cc0
<6>[    0.038341] ram_console: got buffer at 57f00000, size ff000
<6>[    0.038460] ram_console: found existing buffer, size 40624, start 40624
<6>[    0.127098] console [ram-1] enabled
<6>[    0.127321] S5PC110 Hardware version : EVT1
<6>[    0.127412] HWREV is 0x0
<3>[    0.128192] invalid media device
<3>[    0.128268] invalid media device
<3>[    0.128343] invalid media device
<3>[    0.128418] invalid media device
<3>[    0.128493] invalid media device
<3>[    0.128568] invalid media device
<4>[    0.128734] S3C Power Management, Copyright 2004 Simtec Electronics
<6>[    0.128893] pmstats at 57fff000
<6>[    0.129949] S5PV210: Initializing architecture
<6>[    0.130344] s3c24xx-pwm s3c24xx-pwm.0: tin at 66700000, tdiv at 66700000, tin=divclk, base 0
<6>[    0.130461] s3c24xx-pwm s3c24xx-pwm.1: tin at 66700000, tdiv at 66700000, tin=divclk, base 8
<6>[    0.130637] s3c24xx-pwm s3c24xx-pwm.2: tin at 66700000, tdiv at 66700000, tin=divclk, base 12
<6>[    0.130812] s3c24xx-pwm s3c24xx-pwm.3: tin at 66700000, tdiv at 66700000, tin=divclk, base 16
<6>[    0.131104] print_constraints: pd_audio_supply: 5000 mV normal 
<6>[    0.131294] print_constraints: pd_cam_supply: 5000 mV normal 
<6>[    0.131529] print_constraints: pd_tv_supply: 5000 mV normal 
<6>[    0.131697] print_constraints: pd_lcd_supply: 5000 mV normal 
<6>[    0.131931] print_constraints: pd_g3d_supply: 5000 mV normal 
<6>[    0.132104] print_constraints: pd_mfc_supply: 5000 mV normal 
<6>[    0.136970] bio: create slab <bio-0> at 0
<5>[    0.137673] SCSI subsystem initialized
<6>[    0.137869] usbcore: registered new interface driver usbfs
<6>[    0.138087] usbcore: registered new interface driver hub
<6>[    0.138262] usbcore: registered new device driver usb
<6>[    0.138669] i2c-gpio i2c-gpio.4: using pins 247 (SDA) and 246 (SCL)
<3>[    0.138942] max8998 6-0066: No interrupt base specified, no interrupts
<3>[    0.140715] i2:10, buck2_idx:0
<6>[    0.142146] print_constraints: VALIVE_1.2V: 1200 mV 
<6>[    0.142835] print_constraints: VUSB_1.1V: 1100 mV 
<6>[    0.143914] print_constraints: VADC_3.3V: 3300 mV 
<6>[    0.145009] print_constraints: VLCD_1.8V: 1800 mV 
<6>[    0.145698] print_constraints: VUSB_3.3V: 3300 mV 
<6>[    0.146773] print_constraints: VCC_2.8V_PDA: 2800 mV 
<6>[    0.147464] print_constraints: CAM_AF_3.0V: 3000 mV 
<6>[    0.148098] print_constraints: VGA_VDDIO_2.8V: 2800 mV 
<6>[    0.148801] print_constraints: VGA_DVDD_1.8V: 1800 mV 
<6>[    0.149434] print_constraints: CAM_ISP_HOST_2.8V: 2800 mV 
<6>[    0.150128] print_constraints: VGA_AVDD_2.8V: 2800 mV 
<6>[    0.151215] print_constraints: VCC_3.0V_LCD: 3000 mV 
<6>[    0.151656] print_constraints: VDD_ARM: 750 <--> 1500 mV at 1200 mV 
<6>[    0.152159] print_constraints: VDD_INT: 750 <--> 1500 mV at 1100 mV 
<6>[    0.153126] print_constraints: VCC_1.8V: 1800 mV 
<6>[    0.153576] print_constraints: CAM_ISP_CORE_1.2V: 1200 mV 
<3>[    0.153825] i2c i2c-6: Failed to register i2c client rtc_max8998 at 0x06 (-16)
<3>[    0.153971] i2c i2c-6: Can't create device at 0x06
<6>[    0.154056] i2c-gpio i2c-gpio.6: using pins 206 (SDA) and 209 (SCL)
<6>[    0.154266] i2c-gpio i2c-gpio.7: using pins 201 (SDA) and 202 (SCL)
<6>[    0.154485] i2c-gpio i2c-gpio.8: using pins 42 (SDA) and 43 (SCL)
<6>[    0.154696] i2c-gpio i2c-gpio.9: using pins 245 (SDA) and 244 (SCL)
<6>[    0.154973] i2c-gpio i2c-gpio.11: using pins 114 (SDA) and 98 (SCL)
<6>[    0.155138] i2c-gpio i2c-gpio.12: using pins 173 (SDA) and 172 (SCL)
<6>[    0.155409] i2c-gpio i2c-gpio.14: using pins 240 (SDA) and 239 (SCL)
<6>[    0.155626] i2c-gpio i2c-gpio.10: using pins 197 (SDA) and 198 (SCL)
<6>[    0.155855] i2c-gpio i2c-gpio.5: using pins 203 (SDA) and 204 (SCL)
<6>[    0.156533] print_constraints: max8893_buck: 1200 mV 
<6>[    0.157085] print_constraints: max8893_ldo1: 2800 mV 
<6>[    0.157628] print_constraints: max8893_ldo2: 2800 mV 
<6>[    0.158241] print_constraints: max8893_ldo3: 3300 mV 
<6>[    0.158782] print_constraints: max8893_ldo4: 2900 mV 
<6>[    0.159371] print_constraints: max8893_ldo5: 2800 mV 
<6>[    0.159476] max8893 15-003e: Maxim 8893 regulator driver loaded
<6>[    0.159627] i2c-gpio i2c-gpio.15: using pins 29 (SDA) and 31 (SCL)
<6>[    0.159947] s3c-i2c s3c2440-i2c.0: i2c-0: S3C I2C adapter
<6>[    0.160304] s3c-i2c s3c2440-i2c.1: i2c-1: S3C I2C adapter
<6>[    0.160529] s3c-i2c s3c2440-i2c.2: i2c-2: S3C I2C adapter
<6>[    0.160881] Advanced Linux Sound Architecture Driver Version 1.0.24.
<6>[    0.161323] Bluetooth: Core ver 2.16
<6>[    0.161501] NET: Registered protocol family 31
<6>[    0.161580] Bluetooth: HCI device and connection manager initialized
<6>[    0.161662] Bluetooth: HCI socket layer initialized
<6>[    0.161741] Bluetooth: L2CAP socket layer initialized
<6>[    0.161832] Bluetooth: SCO socket layer initialized
<6>[    0.162074] Switching to clocksource clock_source_systimer
<6>[    0.162926] NET: Registered protocol family 2
<6>[    0.163221] IP route cache hash table entries: 4096 (order: 2, 16384 bytes)
<6>[    0.163845] TCP established hash table entries: 16384 (order: 5, 131072 bytes)
<6>[    0.164019] Switched to NOHz mode on CPU #0
<6>[    0.164360] TCP bind hash table entries: 16384 (order: 4, 65536 bytes)
<6>[    0.164650] TCP: Hash tables configured (established 16384 bind 16384)
<6>[    0.164731] TCP reno registered
<6>[    0.164874] UDP hash table entries: 256 (order: 0, 4096 bytes)
<6>[    0.164965] UDP-Lite hash table entries: 256 (order: 0, 4096 bytes)
<6>[    0.165363] NET: Registered protocol family 1
<6>[    0.165604] Trying to unpack rootfs image as initramfs...
<6>[    0.176575] Freeing initrd memory: 160K
<6>[    0.176805] PMU: registered new PMU device of type 0
<4>[    0.177155] clk_get: could not find clock emu_src_ck for dev s5pv210_etb_device+0x0/0x100 (etb)
<6>[    0.334127] wake enabled for irq 165
<6>[    0.334407] wake disabled for irq 165
<6>[    0.334785] S5PV210 ADC driver, (c) 2010 Samsung Electronics
<6>[    0.335132] Loaded driver for PL330 DMAC-0 s3c-pl330
<6>[    0.335278] 	DBUFF-64x8bytes Num_Chans-8 Num_Peri-2 Num_Events-32
<6>[    0.335423] Loaded driver for PL330 DMAC-1 s3c-pl330
<6>[    0.335567] 	DBUFF-8x4bytes Num_Chans-8 Num_Peri-32 Num_Events-32
<6>[    0.335710] Loaded driver for PL330 DMAC-2 s3c-pl330
<6>[    0.335855] 	DBUFF-8x4bytes Num_Chans-8 Num_Peri-32 Num_Events-32
<6>[    0.343248] ashmem: initialized
<6>[    0.350693] ROMFS MTD (C) 2007 Red Hat, Inc.
<7>[    0.350892] yaffs: yaffs built Feb  2 2012 16:55:41 Installing.
<6>[    0.350995] msgmni has been set to 669
<6>[    0.352171] io scheduler noop registered
<6>[    0.352254] io scheduler deadline registered
<6>[    0.352382] io scheduler cfq registered (default)
<6>[    0.353882] s3cfb s3cfb: [fb2] dma: 0x4bc14000, cpu: 0xe9000000, size: 0x00a41000
<6>[    0.385202] FIMD src sclk = 166750000
<6>[    0.385290] s3cfb s3cfb: pixclock adjusted from 39019 to 41979
<6>[    0.385397] s3cfb s3cfb: registered successfully
<6>[    0.385831] s5pv210-uart.0: s3c2410_serial0 at MMIO 0xe2900000 (irq = 16) is a S3C6400/10
<6>[    0.392754] s5pv210-uart.1: s3c2410_serial1 at MMIO 0xe2900400 (irq = 20) is a S3C6400/10
<6>[    0.400580] s5pv210-uart.3: s3c2410_serial3 at MMIO 0xe2900c00 (irq = 28) is a S3C6400/10
<4>[    0.409050] PA FB = 0x4BC14000, bits per pixel = 32
<4>[    0.409135] screen width=480 height=800 va=0xdbc14000 pa=0x4bc14000
<4>[    0.409280] xres_virtual = 480, yres_virtual = 5600, xoffset = 0, yoffset = 0
<4>[    0.409423] fb_size=10752000
<4>[    0.409504] Back frameBuffer[0].VAddr=dbd8b000 PAddr=4bd8b000 size=1536000
<4>[    0.409585] Back frameBuffer[1].VAddr=dbf02000 PAddr=4bf02000 size=1536000
<4>[    0.409745] Video Y Buffer[0].VAddr=dc079000 PAddr=4c079000 size=921600
<4>[    0.409889] Video Y Buffer[1].VAddr=dc15a000 PAddr=4c15a000 size=921600
<4>[    0.409970] Video Y Buffer[2].VAddr=dc23b000 PAddr=4c23b000 size=921600
<4>[    0.410114] Video UV Buffer[0].VAddr=dc31c000 PAddr=4c31c000 size=462848
<4>[    0.410194] Video UV Buffer[1].VAddr=dc38d000 PAddr=4c38d000 size=462848
<4>[    0.410337] Video UV Buffer[2].VAddr=dc3fe000 PAddr=4c3fe000 size=462848
<6>[    0.414335] brd: module loaded
<6>[    0.416286] loop: module loaded
<6>[    0.416410] pmem: 1 init
<1>[    0.416487] Unable to register pmem driver!
<4>[    0.416637] android_pmem: probe of android_pmem.0 failed with error -1
<6>[    0.416727] pmem_gpu1: 1 init
<4>[    0.416978] android_pmem: probe of android_pmem.1 failed with error -1
<6>[    0.417070] pmem_adsp: 1 init
<4>[    0.417238] android_pmem: probe of android_pmem.2 failed with error -1
<6>[    0.417442] Android kernel panic handler initialized (bind=kpanic)
<6>[    0.424620] Loading pn544 driver
<6>[    0.424777] pn544_probe : requesting IRQ 44
<6>[    0.424935] sec_jack_probe : Registering jack driver
<6>[    0.425298] wake enabled for irq 38
<6>[    0.426677] wake enabled for irq 167
<6>[    0.427134] fsa9480 7-0025: dev1: 0x4, dev2: 0x0
<4>[    0.427309] i2c-core: driver [fsa9480] using legacy resume method
<6>[    0.428634] [MODEM] bp_irq() PHONE_ACTIVE_PIN=0
<6>[    0.428798] wake enabled for irq 47
<6>[    0.428876] wake enabled for irq 43
<6>[    0.429541] Muxed OneNAND 512MB 1.8V 16-bit (0x50)
<6>[    0.429684] OneNAND version = 0x0241
<7>[    0.429761] Chip support all block unlock
<7>[    0.429837] Chip has 4KiB pagesize
<7>[    0.429974] Chip has cache program feature
<6>[    0.430066] Scanning device for bad blocks
<6>[    2.124329] OneNAND eraseblock 2047 is an initial bad block
<5>[    2.124476] Creating 7 MTD partitions on "(null)":
<5>[    2.124562] 0x000000000000-0x000000200000 : "bootloader"
<5>[    2.125313] 0x0000004c0000-0x000000600000 : "misc"
<5>[    2.125946] 0x000000600000-0x000000e00000 : "boot"
<5>[    2.126652] 0x000000e00000-0x000001600000 : "recovery"
<5>[    2.127260] 0x000001600000-0x00001eb80000 : "cache"
<5>[    2.128753] 0x00001eb80000-0x00001f900000 : "radio"
<5>[    2.129403] 0x00001f900000-0x00001ffc0000 : "efs"
<6>[    2.220793] tl2796: c0, b-93b4111a, got v 1880054, factory wants 1925000
<6>[    2.220944] tl2796: c1, b-97bd18b9, got v 1947186, factory wants 1939000
<6>[    2.221029] tl2796: c2, b-7f02c214, got v 1717805, factory wants 1568000
<6>[    2.365416] tl2796_probe successfully proved
<6>[    2.365555] PPP generic driver version 2.4.2
<6>[    2.365804] PPP Deflate Compression module registered
<6>[    2.365886] PPP BSD Compression module registered
<6>[    2.366588] PPP MPPE Compression module registered
<6>[    2.366674] NET: Registered protocol family 24
<6>[    2.368053] tun: Universal TUN/TAP device driver, 1.6
<6>[    2.368200] tun: (C) 1999-2004 Max Krasnyansky <maxk@qualcomm.com>
<6>[    3.189813] s3c-udc : S3C HS USB Device Controller Driver, (c) 2008-2009 Samsung Electronics
<6>[    3.189822] s3c-udc : version 15 March 2009 (DMA Mode)
<6>[    3.191031] android_usb gadget: Mass Storage Function, version: 2009/09/11
<6>[    3.191115] android_usb gadget: Number of LUNs=1
<6>[    3.191258]  lun0: LUN: removable file: (no medium)
<6>[    3.191467] android_usb gadget: android_usb ready
<7>[    3.206261] Registered gadget driver 'android_usb'
<6>[    3.206427] usbcore: registered new interface driver xpad
<6>[    3.206557] usbcore: registered new interface driver usb_acecad
<6>[    3.206700] acecad: v3.2:USB Acecad Flair tablet driver
<6>[    3.206818] usbcore: registered new interface driver aiptek
<6>[    3.206959] aiptek: v2.3 (May 2, 2007):Aiptek HyperPen USB Tablet Driver (Linux 2.6.x)
<6>[    3.207102] aiptek: Bryan W. Headley/Chris Atenasio/Cedric Brun/Rene van Paassen
<6>[    3.207221] usbcore: registered new interface driver gtco
<4>[    3.207362] GTCO usb driver version: 2.00.0006
<6>[    3.207480] usbcore: registered new interface driver hanwang
<6>[    3.207733] usbcore: registered new interface driver kbtab
<6>[    3.207812] kbtab: v0.0.2:USB KB Gear JamStudio Tablet driver
<6>[    3.207993] usbcore: registered new interface driver wacom
<6>[    3.208072] wacom: v1.52:USB Wacom tablet driver
<6>[    3.208350] input: mxt224_ts_input as /devices/virtual/input/input0
<6>[    3.249097] Atmel MXT224 2-004a: family = 0x80, variant = 0x1, version = 0x16, build = 171
<6>[    3.326791] input: gyro as /devices/virtual/input/input1
<6>[    3.327141] wake enabled for irq 166
<6>[    3.327305] wake enabled for irq 169
<6>[    3.327402] wake enabled for irq 170
<6>[    3.327481] GPIO Input Driver: Start gpio inputs for herring-keypad in interrupt mode
<6>[    3.327772] input: herring-keypad as /devices/virtual/input/input2
<6>[    3.328302] input: proximity as /devices/virtual/input/input3
<6>[    3.328734] input: lightsensor-level as /devices/virtual/input/input4
<6>[    3.329098] max8998-rtc max8998-rtc: RTC CHIP NAME: max8998-rtc
<4>[    3.329206] S3C24XX RTC, (c) 2004,2006 Simtec Electronics
<6>[    3.330044] s3c-rtc s3c2410-rtc: rtc disabled, re-enabling
<6>[    3.330180] s3c-rtc s3c2410-rtc: rtc disabled, re-enabling
<6>[    3.330268] s3c-rtc s3c2410-rtc: rtc disabled, re-enabling
<6>[    3.330418] s3c-rtc s3c2410-rtc: rtc disabled, re-enabling
<6>[    3.330732] using rtc device, s3c, for alarms
<6>[    3.330897] s3c-rtc s3c2410-rtc: rtc core: registered s3c as rtc0
<6>[    3.331100] i2c /dev entries driver
<6>[    3.332254] lirc_dev: IR Remote Control driver registered, major 250 
<6>[    3.332338] IR NEC protocol handler initialized
<6>[    3.332478] IR RC5(x) protocol handler initialized
<6>[    3.332557] IR RC6 protocol handler initialized
<6>[    3.332635] IR JVC protocol handler initialized
<6>[    3.332777] IR Sony protocol handler initialized
<6>[    3.332854] IR RC5 (streamzap) protocol handler initialized
<6>[    3.332994] IR LIRC bridge handler initialized
<6>[    3.333071] Linux video capture interface: v2.00
<6>[    3.333319] mfc_init: <6>S5PC110 MFC Driver, (c) 2009 Samsung Electronics
<6>[    3.333326] 
<6>[    3.333885] S3C JPEG Driver, (c) 2007 Samsung Electronics
<6>[    3.334072] JPEG driver for S5PV210
<6>[    3.336034] max17040 9-0036: MAX17040 Fuel-Gauge Ver 02
<6>[    3.336975] device-mapper: uevent: version 1.0.3
<6>[    3.337306] device-mapper: ioctl: 4.20.0-ioctl (2011-02-02) initialised: dm-devel@redhat.com
<6>[    3.337476] Bluetooth: HCI UART driver ver 2.2
<6>[    3.337556] Bluetooth: HCI H4 protocol initialized
<6>[    3.337694] cpuidle: using governor ladder
<6>[    3.337894] cpuidle: using governor menu
<6>[    3.340599] sdhci: Secure Digital Host Controller Interface driver
<6>[    3.340748] sdhci: Copyright(c) Pierre Ossman
<6>[    3.340933] s3c-sdhci s3c-sdhci.0: clock source 0: hsmmc (133400000 Hz)
<6>[    3.341093] s3c-sdhci s3c-sdhci.0: clock source 2: sclk_mmc (51307692 Hz)
<4>[    3.341214] ------------[ cut here ]------------
<4>[    3.341372] WARNING: at drivers/gpio/gpiolib.c:101 gpio_ensure_requested+0x54/0x110()
<4>[    3.341452] autorequest GPIO-195
<4>[    3.341589] Modules linked in:
<4>[    3.341738] Backtrace: 
<4>[    3.341904] [<c003c454>] (dump_backtrace+0x0/0x10c) from [<c04b3738>] (dump_stack+0x18/0x1c)
<4>[    3.342050]  r7:00000009 r6:00000065 r5:c01eda48 r4:e7827d98
<4>[    3.342431] [<c04b3720>] (dump_stack+0x0/0x1c) from [<c005ecfc>] (warn_slowpath_common+0x54/0x6c)
<4>[    3.342585] [<c005eca8>] (warn_slowpath_common+0x0/0x6c) from [<c005edb8>] (warn_slowpath_fmt+0x38/0x40)
<4>[    3.342729]  r9:00000000 r8:00000001 r7:000000c3 r6:00000000 r5:c06825b8
<4>[    3.343160] r4:c06d40a4
<4>[    3.343385] [<c005ed80>] (warn_slowpath_fmt+0x0/0x40) from [<c01eda48>] (gpio_ensure_requested+0x54/0x110)
<4>[    3.343529]  r3:000000c3 r2:c05f4204
<4>[    3.343758] [<c01ed9f4>] (gpio_ensure_requested+0x0/0x110) from [<c01edccc>] (gpio_direction_output+0xb8/0x158)
<4>[    3.343903]  r7:60000013 r6:e7826000 r5:c06d40a4 r4:c06825b8
<4>[    3.344285] [<c01edc14>] (gpio_direction_output+0x0/0x158) from [<c004cc40>] (s5pv210_setup_sdhci0_cfg_gpio+0x100/0x114)
<4>[    3.344441] [<c004cb40>] (s5pv210_setup_sdhci0_cfg_gpio+0x0/0x114) from [<c04b2564>] (sdhci_s3c_probe+0x270/0x598)
<4>[    3.344588]  r5:e7adde40 r4:00000000
<4>[    3.344885] [<c04b22f4>] (sdhci_s3c_probe+0x0/0x598) from [<c023ccf4>] (platform_drv_probe+0x20/0x24)
<4>[    3.344977] [<c023ccd4>] (platform_drv_probe+0x0/0x24) from [<c023b8b8>] (driver_probe_device+0x100/0x18c)
<4>[    3.345130] [<c023b7b8>] (driver_probe_device+0x0/0x18c) from [<c023b9d8>] (__driver_attach+0x94/0x98)
<4>[    3.345273]  r9:00000000 r8:00000000 r7:00000000 r6:c0671e84 r5:c0696334
<4>[    3.345701] r4:c0671e50
<4>[    3.345927] [<c023b944>] (__driver_attach+0x0/0x98) from [<c023afd4>] (bus_for_each_dev+0x68/0x94)
<4>[    3.346071]  r7:00000000 r6:c023b944 r5:e7827ed0 r4:c0696334
<4>[    3.346443] [<c023af6c>] (bus_for_each_dev+0x0/0x94) from [<c023b6a8>] (driver_attach+0x24/0x28)
<4>[    3.346587]  r7:00000000 r6:e7af4280 r5:c0685280 r4:c0696334
<4>[    3.347023] [<c023b684>] (driver_attach+0x0/0x28) from [<c023a8f8>] (bus_add_driver+0x18c/0x264)
<4>[    3.347112] [<c023a76c>] (bus_add_driver+0x0/0x264) from [<c023c01c>] (driver_register+0x80/0x14c)
<4>[    3.347267] [<c023bf9c>] (driver_register+0x0/0x14c) from [<c023d164>] (platform_driver_register+0x4c/0x60)
<4>[    3.347412]  r9:00000000 r8:00000000 r7:00000013 r6:00000000 r5:c06a2dc0
<4>[    3.347839] r4:c002d090
<4>[    3.348067] [<c023d118>] (platform_driver_register+0x0/0x60) from [<c0020bb4>] (sdhci_s3c_init+0x14/0x1c)
<4>[    3.348223] [<c0020ba0>] (sdhci_s3c_init+0x0/0x1c) from [<c0032400>] (do_one_initcall+0x44/0x1a4)
<4>[    3.348313] [<c00323bc>] (do_one_initcall+0x0/0x1a4) from [<c00083f0>] (kernel_init+0x7c/0x120)
<4>[    3.348466] [<c0008374>] (kernel_init+0x0/0x120) from [<c00629b4>] (do_exit+0x0/0x734)
<4>[    3.348610]  r5:c0008374 r4:00000000
<4>[    3.348845] ---[ end trace 7cfe75e809965a21 ]---
<6>[    3.349079] mmc0: no vmmc regulator found
<6>[    3.349331] mmc0: SDHCI controller on samsung-hsmmc [s3c-sdhci.0] using ADMA
<6>[    3.349539] s3c-sdhci s3c-sdhci.2: clock source 0: hsmmc (133400000 Hz)
<6>[    3.349646] s3c-sdhci s3c-sdhci.2: clock source 2: sclk_mmc (47642857 Hz)
<6>[    3.349861] mmc1: no vmmc regulator found
<6>[    3.350034] mmc1: SDHCI controller on samsung-hsmmc [s3c-sdhci.2] using ADMA
<6>[    3.350227] s3c-sdhci s3c-sdhci.3: clock source 0: hsmmc (133400000 Hz)
<6>[    3.350323] s3c-sdhci s3c-sdhci.3: clock source 2: sclk_mmc (47642857 Hz)
<6>[    3.350500] mmc2: no vmmc regulator found
<6>[    3.350662] mmc2: SDHCI controller on samsung-hsmmc [s3c-sdhci.3] using ADMA
<6>[    3.352788] usbcore: registered new interface driver usbhid
<6>[    3.352870] usbhid: USB HID core driver
<6>[    3.353298] logger: created 256K log 'log_main'
<6>[    3.353443] logger: created 256K log 'log_events'
<6>[    3.353682] logger: created 256K log 'log_radio'
<6>[    3.353821] logger: created 256K log 'log_system'
<6>[    3.354847] WM8994 Audio Codec 0.1
<6>[    3.370204] s3c_idma_preallocate_buffer:  VA-e8080000  PA-C0000000  163840bytes
<6>[    3.370567] asoc: WM8994 PAIFRX <-> samsung-i2s.0 mapping ok
<6>[    3.371025] ALSA device list:
<6>[    3.371106]   #0: smdkc110
<6>[    3.371183] oprofile: hardware counters not available
<6>[    3.371324] oprofile: using timer interrupt.
<6>[    3.371652] GACT probability NOT on
<6>[    3.371740] Mirror/redirect action on
<6>[    3.371883] u32 classifier
<6>[    3.371959]     Actions configured
<6>[    3.372037] Netfilter messages via NETLINK v0.30.
<6>[    3.372229] nf_conntrack version 0.5.0 (5355 buckets, 21420 max)
<6>[    3.373057] ctnetlink v0.93: registering with nfnetlink.
<6>[    3.373279] NF_TPROXY: Transparent proxy support initialized, version 4.1.0
<6>[    3.373361] NF_TPROXY: Copyright (c) 2006-2007 BalaBit IT Ltd.
<6>[    3.373696] xt_time: kernel timezone is -0000
<6>[    3.375437] ip_tables: (C) 2000-2006 Netfilter Core Team
<6>[    3.375752] arp_tables: (C) 2002 David S. Miller
<6>[    3.375888] TCP cubic registered
<6>[    3.376737] NET: Registered protocol family 10
<6>[    3.385024] Mobile IPv6
<6>[    3.385133] ip6_tables: (C) 2000-2006 Netfilter Core Team
<6>[    3.385465] IPv6 over IPv4 tunneling driver
<6>[    3.390238] NET: Registered protocol family 17
<6>[    3.390342] NET: Registered protocol family 15
<6>[    3.391635] Bluetooth: RFCOMM TTY layer initialized
<6>[    3.391724] Bluetooth: RFCOMM socket layer initialized
<6>[    3.391805] Bluetooth: RFCOMM ver 1.11
<6>[    3.394011] Bluetooth: BNEP (Ethernet Emulation) ver 1.3
<6>[    3.394095] Bluetooth: HIDP (Human Interface Emulation) ver 1.2
<6>[    3.394353] NET: Registered protocol family 35
<6>[    3.394558] VFP support v0.3: implementor 41 architecture 3 part 30 variant c rev 2
<6>[    3.394798] ThumbEE CPU extension supported.
<6>[    3.395139] s5pv210_cpufreq_init: S5PV210 cpu-freq driver
<6>[    3.400668] regulator_init_complete: pd_mfc_supply: disabling
<6>[    3.400759] regulator_init_complete: pd_tv_supply: disabling
<6>[    3.400906] regulator_init_complete: pd_cam_supply: disabling
<6>[    3.456227] cypress_touchkey_driver 10-0020: cypress_touchkey_probe: hardware rev1 = 0xa, rev2 = 0x9
<6>[    3.458414] input: cypress-touchkey as /devices/virtual/input/input5
<6>[    3.461982] s3c-rtc s3c2410-rtc: rtc disabled, re-enabling
<6>[    3.462701] s3c-rtc s3c2410-rtc: setting system clock to 2017-09-12 02:49:39 UTC (1505184579)
<6>[    3.467555] FIMC0 registered successfully
<6>[    3.470565] FIMC1 registered successfully
<6>[    3.474199] FIMC2 registered successfully
<6>[    3.475807] max8998_charger_probe : MAX8998 Charger Driver Loading
<6>[    3.481420] max8998_charger_probe : pmic interrupt registered
<6>[    3.487283] wake enabled for irq 39
<6>[    3.489576] Freeing init memory: 168K
<4>[    3.492110] init (1): /proc/1/oom_adj is deprecated, please use /proc/1/oom_score_adj instead.
<6>[    3.553284] keychord: using input dev herring-keypad for fevent
<6>[    3.568938] yaffs: dev is 32505860 name is "mtdblock4" rw
<6>[    3.569010] yaffs: passed flags ""
<7>[    3.569155] yaffs: Attempting MTD mount of 31.4,"mtdblock4"
<7>[    3.579102] yaffs: yaffs_read_super: is_checkpointed 0
<6>[    3.579561] yaffs: dev is 32505862 name is "mtdblock6" rw
<6>[    3.579712] yaffs: passed flags ""
<7>[    3.579861] yaffs: Attempting MTD mount of 31.6,"mtdblock6"
<7>[    3.637181] yaffs: yaffs_read_super: is_checkpointed 0
<6>[    3.691710] mmc0: new high speed MMC card at address 0001
<6>[    3.695116] mmcblk0: mmc0:0001 SEM16G 14.8 GiB 
<6>[    3.696282] mmcblk0boot0: mmc0:0001 SEM16G partition 1 1.00 MiB
<6>[    3.698012] mmcblk0boot1: mmc0:0001 SEM16G partition 2 1.00 MiB
<6>[    3.718648]  mmcblk0: p1 p2 p3
<6>[    3.747091]  mmcblk0boot1: unknown partition table
<6>[    3.754359]  mmcblk0boot0: unknown partition table
<6>[    3.760171] EXT4-fs (mmcblk0p1): mounted filesystem with ordered data mode. Opts: (null)
<6>[    3.778671] EXT4-fs (mmcblk0p2): mounted filesystem with ordered data mode. Opts: nomblk_io_submit
<3>[    3.893577] android_usb: already disabled
<6>[    3.893853] adb_bind_config
<6>[    3.900101] android_work: did not send uevent (0 0   (null))
<6>[    3.905796] warning: `adbd' uses 32-bit capabilities (legacy support in use)
<6>[    3.907444] adb_open
<7>[    4.028229] onenand_wait: correctable ECC error = 0x5555
<7>[    4.028666] onenand_wait: correctable ECC error = 0x5555
<7>[    4.029679] onenand_wait: correctable ECC error = 0x5555
<7>[    4.030088] onenand_wait: correctable ECC error = 0x5555
<7>[    4.033852] onenand_wait: correctable ECC error = 0x5555
<7>[    4.049117] onenand_wait: correctable ECC error = 0x5555
<7>[    4.049385] onenand_wait: correctable ECC error = 0x5555
<7>[    4.049578] onenand_wait: correctable ECC error = 0x5555
<7>[    4.050805] onenand_wait: correctable ECC error = 0x5555
<7>[    4.051429] onenand_wait: correctable ECC error = 0x5555
<7>[    4.052127] onenand_wait: correctable ECC error = 0x5555
<7>[    4.053070] onenand_wait: correctable ECC error = 0x5555
<7>[    4.054269] onenand_wait: correctable ECC error = 0x5555
<7>[    4.058402] onenand_wait: correctable ECC error = 0x5555
<7>[    4.061637] onenand_wait: correctable ECC error = 0x5555
<7>[    4.064365] onenand_wait: correctable ECC error = 0x5555
<7>[    4.064699] onenand_wait: correctable ECC error = 0x5555
<6>[    4.066254] android_work: sent uevent USB_STATE=CONNECTED
<7>[    4.067149] onenand_wait: correctable ECC error = 0x5555
<7>[    4.067812] onenand_wait: correctable ECC error = 0x5555
<7>[    4.068460] onenand_wait: correctable ECC error = 0x5555
<7>[    4.081459] onenand_wait: correctable ECC error = 0x5555
<7>[    4.084818] onenand_wait: correctable ECC error = 0x5555
<7>[    4.087649] onenand_wait: correctable ECC error = 0x5555
<7>[    4.088173] onenand_wait: correctable ECC error = 0x5555
<7>[    4.093008] onenand_wait: correctable ECC error = 0x5555
<7>[    4.093879] onenand_wait: correctable ECC error = 0x5555
<7>[    4.094945] onenand_wait: correctable ECC error = 0x5555
<7>[    4.095979] onenand_wait: correctable ECC error = 0x5555
<7>[    4.096282] onenand_wait: correctable ECC error = 0x5555
<7>[    4.096863] onenand_wait: correctable ECC error = 0x5555
<7>[    4.100269] onenand_wait: correctable ECC error = 0x5555
<7>[    4.100754] onenand_wait: correctable ECC error = 0x5555
<7>[    4.104571] onenand_wait: correctable ECC error = 0x5555
<7>[    4.105822] onenand_wait: correctable ECC error = 0x5555
<7>[    4.106237] onenand_wait: correctable ECC error = 0x5555
<7>[    4.108330] onenand_wait: correctable ECC error = 0x5555
<7>[    4.109044] onenand_wait: correctable ECC error = 0x5555
<7>[    4.112051] onenand_wait: correctable ECC error = 0x5555
<7>[    4.112790] onenand_wait: correctable ECC error = 0x5555
<7>[    4.113915] onenand_wait: correctable ECC error = 0x5555
<7>[    4.116918] onenand_wait: correctable ECC error = 0x5555
<7>[    4.117231] onenand_wait: correctable ECC error = 0x5555
<7>[    4.118141] onenand_wait: correctable ECC error = 0x5555
<7>[    4.118878] onenand_wait: correctable ECC error = 0x5555
<7>[    4.119380] onenand_wait: correctable ECC error = 0x5555
<7>[    4.120771] onenand_wait: correctable ECC error = 0x5555
<7>[    4.123996] onenand_wait: correctable ECC error = 0x5555
<7>[    4.124638] onenand_wait: correctable ECC error = 0x5555
<7>[    4.128647] onenand_wait: correctable ECC error = 0x5555
<7>[    4.129393] onenand_wait: correctable ECC error = 0x5555
<7>[    4.129977] onenand_wait: correctable ECC error = 0x5555
<7>[    4.130278] onenand_wait: correctable ECC error = 0x5555
<7>[    4.131563] onenand_wait: correctable ECC error = 0x5555
<7>[    4.132210] onenand_wait: correctable ECC error = 0x5555
<7>[    4.133703] onenand_wait: correctable ECC error = 0x5555
<7>[    4.134127] onenand_wait: correctable ECC error = 0x5555
<7>[    4.134780] onenand_wait: correctable ECC error = 0x5555
<7>[    4.136195] onenand_wait: correctable ECC error = 0x5555
<6>[    4.136607] android_usb gadget: high speed config #1: android
<6>[    4.137106] android_work: sent uevent USB_STATE=CONFIGURED
<7>[    4.152950] onenand_wait: correctable ECC error = 0x5555
<7>[    4.155248] onenand_wait: correctable ECC error = 0x5555
<7>[    4.156854] onenand_wait: correctable ECC error = 0x5555
<7>[    4.158008] onenand_wait: correctable ECC error = 0x5555
<7>[    4.158206] onenand_wait: correctable ECC error = 0x5555
<7>[    4.158603] onenand_wait: correctable ECC error = 0x5555
<7>[    4.159091] onenand_wait: correctable ECC error = 0x5555
<7>[    4.159466] onenand_wait: correctable ECC error = 0x5555
<7>[    4.159996] onenand_wait: correctable ECC error = 0x5555
<7>[    4.165893] onenand_wait: correctable ECC error = 0x5555
<7>[    4.166623] onenand_wait: correctable ECC error = 0x5555
<7>[    4.167865] onenand_wait: correctable ECC error = 0x5555
<7>[    4.170829] onenand_wait: correctable ECC error = 0x5555
<7>[    4.172542] onenand_wait: correctable ECC error = 0x5555
<7>[    4.173077] onenand_wait: correctable ECC error = 0x5555
<7>[    4.173723] onenand_wait: correctable ECC error = 0x5555
<7>[    4.175795] onenand_wait: correctable ECC error = 0x5555
<7>[    4.176431] onenand_wait: correctable ECC error = 0x5555
<7>[    4.177123] onenand_wait: correctable ECC error = 0x5555
<7>[    4.178236] onenand_wait: correctable ECC error = 0x5555
<7>[    4.178499] onenand_wait: correctable ECC error = 0x5555
<7>[    4.178807] onenand_wait: correctable ECC error = 0x5555
<7>[    4.180228] onenand_wait: correctable ECC error = 0x5555
<7>[    4.180541] onenand_wait: correctable ECC error = 0x5555
<7>[    4.181023] onenand_wait: correctable ECC error = 0x5555
<7>[    4.181330] onenand_wait: correctable ECC error = 0x5555
<7>[    4.193591] onenand_wait: correctable ECC error = 0x5555
<7>[    4.201072] onenand_wait: correctable ECC error = 0x5555
<7>[    4.201599] onenand_wait: correctable ECC error = 0x5555
<7>[    4.201907] onenand_wait: correctable ECC error = 0x5555
<7>[    4.202544] onenand_wait: correctable ECC error = 0x5555
<7>[    4.204343] onenand_wait: correctable ECC error = 0x5555
<7>[    4.204648] onenand_wait: correctable ECC error = 0x5555
<7>[    4.205017] onenand_wait: correctable ECC error = 0x5555
<7>[    4.207540] onenand_wait: correctable ECC error = 0x5555
<7>[    4.208792] onenand_wait: correctable ECC error = 0x5555
<7>[    4.211834] onenand_wait: correctable ECC error = 0x5555
<7>[    4.212641] onenand_wait: correctable ECC error = 0x5555
<7>[    4.213404] onenand_wait: correctable ECC error = 0x5555
<7>[    4.213665] onenand_wait: correctable ECC error = 0x5555
<6>[    4.216462] PVR_K:(Warning): SysFinalise: Version string: SGX540 S5PC110 [529, drivers/gpu/pvr/s5pc110/sysconfig.c]
<7>[    4.219124] onenand_wait: correctable ECC error = 0x5555
<7>[    4.220053] onenand_wait: correctable ECC error = 0x5555
<7>[    4.231176] onenand_wait: correctable ECC error = 0x5555
<7>[    4.233639] onenand_wait: correctable ECC error = 0x5555
<7>[    4.234049] onenand_wait: correctable ECC error = 0x5555
<7>[    4.235920] onenand_wait: correctable ECC error = 0x5555
<7>[    4.240808] onenand_wait: correctable ECC error = 0x5555
<7>[    4.242797] onenand_wait: correctable ECC error = 0x5555
<7>[    4.243708] onenand_wait: correctable ECC error = 0x5555
<7>[    4.244851] onenand_wait: correctable ECC error = 0x5555
<7>[    4.245541] onenand_wait: correctable ECC error = 0x5555
<7>[    4.246166] onenand_wait: correctable ECC error = 0x5555
<7>[    4.248857] onenand_wait: correctable ECC error = 0x5555
<7>[    4.249280] onenand_wait: correctable ECC error = 0x5555
<7>[    4.250090] onenand_wait: correctable ECC error = 0x5555
<7>[    4.251102] onenand_wait: correctable ECC error = 0x5555
<7>[    4.261140] onenand_wait: correctable ECC error = 0x5555
<7>[    4.262120] onenand_wait: correctable ECC error = 0x5555
<7>[    4.262711] onenand_wait: correctable ECC error = 0x5555
<7>[    4.264029] onenand_wait: correctable ECC error = 0x5555
<7>[    4.265225] onenand_wait: correctable ECC error = 0x5555
<7>[    4.266356] onenand_wait: correctable ECC error = 0x5555
<7>[    4.290776] onenand_wait: correctable ECC error = 0x5555
<7>[    4.292832] onenand_wait: correctable ECC error = 0x5555
<7>[    4.293508] onenand_wait: correctable ECC error = 0x5555
<7>[    4.295551] onenand_wait: correctable ECC error = 0x5555
<7>[    4.296908] onenand_wait: correctable ECC error = 0x5555
<7>[    4.297229] onenand_wait: correctable ECC error = 0x5555
<7>[    4.301654] onenand_wait: correctable ECC error = 0x5555
<7>[    4.301930] onenand_wait: correctable ECC error = 0x5555
<7>[    4.302475] onenand_wait: correctable ECC error = 0x5555
<7>[    4.303669] onenand_wait: correctable ECC error = 0x5555
<7>[    4.306133] onenand_wait: correctable ECC error = 0x5555
<7>[    4.307090] onenand_wait: correctable ECC error = 0x5555
<7>[    4.307402] onenand_wait: correctable ECC error = 0x5555
<7>[    4.307773] onenand_wait: correctable ECC error = 0x5555
<7>[    4.308205] onenand_wait: correctable ECC error = 0x5555
<7>[    4.308524] onenand_wait: correctable ECC error = 0x5555
<7>[    4.309010] onenand_wait: correctable ECC error = 0x5555
<7>[    4.309428] onenand_wait: correctable ECC error = 0x5555
<7>[    4.309798] onenand_wait: correctable ECC error = 0x5555
<7>[    4.310105] onenand_wait: correctable ECC error = 0x5555
<7>[    4.311434] onenand_wait: correctable ECC error = 0x5555
<7>[    4.311745] onenand_wait: correctable ECC error = 0x5555
<7>[    4.312945] onenand_wait: correctable ECC error = 0x5555
<7>[    4.345898] onenand_wait: correctable ECC error = 0x5555
<7>[    4.353685] onenand_wait: correctable ECC error = 0x5555
<7>[    4.357758] onenand_wait: correctable ECC error = 0x5555
<7>[    4.360015] onenand_wait: correctable ECC error = 0x5555
<7>[    4.360311] onenand_wait: correctable ECC error = 0x5555
<7>[    4.364523] onenand_wait: correctable ECC error = 0x5555
<7>[    4.365115] onenand_wait: correctable ECC error = 0x5555
<7>[    4.365759] onenand_wait: correctable ECC error = 0x5555
<7>[    4.374515] onenand_wait: correctable ECC error = 0x5555
<7>[    4.377219] onenand_wait: correctable ECC error = 0x5555
<6>[    4.385583] [MODEM] modem_reset()
<7>[    4.385960] onenand_wait: correctable ECC error = 0x5555
<7>[    4.389293] onenand_wait: correctable ECC error = 0x5555
<7>[    4.391519] onenand_wait: correctable ECC error = 0x5555
<7>[    4.393482] onenand_wait: correctable ECC error = 0x5555
<7>[    4.396727] onenand_wait: correctable ECC error = 0x5555
<7>[    4.397963] onenand_wait: correctable ECC error = 0x5555
<7>[    4.398465] onenand_wait: correctable ECC error = 0x5555
<7>[    4.401018] onenand_wait: correctable ECC error = 0x5555
<7>[    4.416585] onenand_wait: correctable ECC error = 0x5555
<6>[    4.587914] [MODEM] bp_irq() PHONE_ACTIVE_PIN=1
<6>[    5.051274] modemctl_ioctl() 0
<6>[    5.110268] s3cfb s3cfb: [fb0] dma: 0x4b7af000, cpu: 0xeb800000, size: 0x00465000
<6>[    5.451602] [MODEM] modem_start() normal
<6>[    5.451939] [MODEM] modem_start() DONE
<6>[    5.452230] modemctl_ioctl() 0
<6>[   13.811033] wake enabled for irq 34
<6>[   13.818552] input: compass as /devices/virtual/input/input6
<6>[   13.887393] wake disabled for irq 34
<6>[   19.353346] request_suspend_state: wakeup (3->0) at 19343540731 (2017-09-12 02:49:55.389552955 UTC)
<6>[   19.627095] wake enabled for irq 165
<6>[   19.991156] acc_open
<6>[   19.991245] acc_release
<6>[   22.394891] pn544_dev_ioctl power on
<6>[   22.420082] pn544_dev_ioctl power off
<6>[   22.486491] pn544_dev_ioctl power on
<6>[   24.784701] s3c-rtc s3c2410-rtc: rtc disabled, re-enabling